// Jest Snapshot v1, https://goo.gl/fbAQLP

exports[`Color Display component renders a box with black background color 1`] = `
<div
  style={
    Object {
      "backgroundColor": "black",
      "height": "100px",
      "width": "100px",
    }
  }
/>
`;
